11/14/2025 07:30:37 PM:INFO:Test_001_Login.test_verify_page_title
11/14/2025 07:30:37 PM:INFO:Starting test_verify_page_title
11/14/2025 07:30:42 PM:INFO:test_verify_page_title_PASSED
11/14/2025 07:34:30 PM:INFO:Test_001_Login.test_login
11/14/2025 07:34:30 PM:INFO:Starting test_login
11/14/2025 07:34:46 PM:INFO:Test_login_PASSED
11/15/2025 04:57:10 PM:INFO:Test_001_Login.test_verify_page_title
11/15/2025 04:57:10 PM:INFO:Starting test_verify_page_title
11/15/2025 04:57:19 PM:INFO:test_verify_page_title_PASSED
11/15/2025 06:11:47 PM:INFO:Test_002_Create_User
11/15/2025 06:11:47 PM:INFO:Starting_Test_create_new_user
11/15/2025 06:14:17 PM:INFO:Test_002_Create_User
11/15/2025 06:14:17 PM:INFO:Starting_Test_create_new_user
11/15/2025 06:17:27 PM:INFO:Test_002_Create_User
11/15/2025 06:17:27 PM:INFO:Starting_Test_create_new_user
11/15/2025 06:18:39 PM:INFO:Test_002_Create_User
11/15/2025 06:18:39 PM:INFO:Starting_Test_create_new_user
11/15/2025 06:22:59 PM:INFO:Test_002_Create_User
11/15/2025 06:22:59 PM:INFO:Starting_Test_create_new_user
11/15/2025 06:26:58 PM:INFO:Test_002_Create_User
11/15/2025 06:26:58 PM:INFO:Starting_Test_create_new_user
11/15/2025 06:28:08 PM:INFO:Test_002_Create_User
11/15/2025 06:28:08 PM:INFO:Starting_Test_create_new_user
11/15/2025 06:29:43 PM:INFO:Test_002_Create_User
11/15/2025 06:29:43 PM:INFO:Starting_Test_create_new_user
11/15/2025 06:32:32 PM:INFO:Test_002_Create_User
11/15/2025 06:32:32 PM:INFO:Starting_Test_create_new_user
11/15/2025 06:33:28 PM:INFO:Test_002_Create_User
11/15/2025 06:33:28 PM:INFO:Starting_Test_create_new_user
11/15/2025 06:34:46 PM:INFO:Test_002_Create_User
11/15/2025 06:34:46 PM:INFO:Starting_Test_create_new_user
11/15/2025 06:35:49 PM:INFO:Test_002_Create_User
11/15/2025 06:35:49 PM:INFO:Starting_Test_create_new_user
11/15/2025 06:36:46 PM:INFO:Test_002_Create_User
11/15/2025 06:36:46 PM:INFO:Starting_Test_create_new_user
11/15/2025 06:41:50 PM:INFO:Test_002_Create_User
11/15/2025 06:41:50 PM:INFO:Starting_Test_create_new_user
11/15/2025 06:42:22 PM:WARNING:Retrying (Retry(total=2, connect=None, read=None, redirect=None, status=None)) after connection broken by 'NewConnectionError('<urllib3.connection.HTTPConnection object at 0x000001FE275A3ED0>: Failed to establish a new connection: [WinError 10061] No connection could be made because the target machine actively refused it')': /session/5fe5a1fabf15b2e4b5d7ca5288379f2b
11/15/2025 06:42:26 PM:WARNING:Retrying (Retry(total=1, connect=None, read=None, redirect=None, status=None)) after connection broken by 'NewConnectionError('<urllib3.connection.HTTPConnection object at 0x000001FE276B0910>: Failed to establish a new connection: [WinError 10061] No connection could be made because the target machine actively refused it')': /session/5fe5a1fabf15b2e4b5d7ca5288379f2b
11/15/2025 06:42:30 PM:WARNING:Retrying (Retry(total=0, connect=None, read=None, redirect=None, status=None)) after connection broken by 'NewConnectionError('<urllib3.connection.HTTPConnection object at 0x000001FE275AAD70>: Failed to establish a new connection: [WinError 10061] No connection could be made because the target machine actively refused it')': /session/5fe5a1fabf15b2e4b5d7ca5288379f2b
11/15/2025 06:43:10 PM:INFO:Test_002_Create_User
11/15/2025 06:43:10 PM:INFO:Starting_Test_create_new_user
11/15/2025 06:45:05 PM:INFO:Test_002_Create_User
11/15/2025 06:45:05 PM:INFO:Starting_Test_create_new_user
11/15/2025 06:48:24 PM:INFO:Test_002_Create_User
11/15/2025 06:48:24 PM:INFO:Starting_Test_create_new_user
11/15/2025 06:49:04 PM:INFO:Test_002_Create_User
11/15/2025 06:49:04 PM:INFO:Starting_Test_create_new_user
11/15/2025 06:56:47 PM:INFO:Test_002_Create_User
11/15/2025 06:56:47 PM:INFO:Starting_Test_create_new_user
11/15/2025 06:58:19 PM:INFO:Test_002_Create_User
11/15/2025 06:58:19 PM:INFO:Starting_Test_create_new_user
11/15/2025 07:00:37 PM:INFO:Test_002_Create_User
11/15/2025 07:00:37 PM:INFO:Starting_Test_create_new_user
11/15/2025 07:03:04 PM:INFO:Test_002_Create_User
11/15/2025 07:03:04 PM:INFO:Starting_Test_create_new_user
11/15/2025 07:17:04 PM:INFO:Test_003_Login_New_User_Profile
11/15/2025 07:17:04 PM:INFO:Starting_Test_login_new_user_profile
11/15/2025 07:23:48 PM:INFO:Test_002_Create_User
11/15/2025 07:23:48 PM:INFO:Starting_Test_create_new_user
11/15/2025 07:24:24 PM:INFO:Test_001_Login.test_verify_page_title
11/15/2025 07:24:24 PM:INFO:Starting test_verify_page_title
11/15/2025 07:24:36 PM:INFO:test_verify_page_title_PASSED
11/15/2025 07:24:39 PM:INFO:Test_001_Login.test_login
11/15/2025 07:24:39 PM:INFO:Starting test_login
11/15/2025 07:25:10 PM:INFO:Test_login_PASSED
11/15/2025 07:25:14 PM:INFO:Test_003_Login_New_User_Profile
11/15/2025 07:25:14 PM:INFO:Starting_Test_login_new_user_profile
11/15/2025 07:25:55 PM:INFO:Test_003_Login_New_User_Profile
11/15/2025 07:25:55 PM:INFO:Starting_Test_login_new_user_profile
11/15/2025 07:50:56 PM:INFO:Test_003_Login_New_User_Profile
11/15/2025 07:50:56 PM:INFO:Starting_Test_login_new_user_profile
11/15/2025 07:52:31 PM:INFO:Test_003_Login_New_User_Profile
11/15/2025 07:52:31 PM:INFO:Starting_Test_login_new_user_profile
11/15/2025 07:53:28 PM:INFO:Test_003_Login_New_User_Profile
11/15/2025 07:53:28 PM:INFO:Starting_Test_login_new_user_profile
11/15/2025 07:54:34 PM:INFO:Test_003_Login_New_User_Profile
11/15/2025 07:54:34 PM:INFO:Starting_Test_login_new_user_profile
11/15/2025 07:57:22 PM:INFO:Test_003_Login_New_User_Profile
11/15/2025 07:57:22 PM:INFO:Starting_Test_login_new_user_profile
11/15/2025 08:03:45 PM:INFO:Test_003_Login_New_User_Profile
11/15/2025 08:03:45 PM:INFO:Starting_Test_login_new_user_profile
11/15/2025 08:05:46 PM:INFO:Test_003_Login_New_User_Profile
11/15/2025 08:05:46 PM:INFO:Starting_Test_login_new_user_profile
11/15/2025 08:09:22 PM:INFO:Test_003_Login_New_User_Profile
11/15/2025 08:09:22 PM:INFO:Starting_Test_login_new_user_profile
11/15/2025 08:12:14 PM:INFO:Test_003_Login_New_User_Profile
11/15/2025 08:12:14 PM:INFO:Starting_Test_login_new_user_profile
11/15/2025 08:14:33 PM:INFO:Test_003_Login_New_User_Profile
11/15/2025 08:14:33 PM:INFO:Starting_Test_login_new_user_profile
11/15/2025 08:15:58 PM:INFO:Test_003_Login_New_User_Profile
11/15/2025 08:15:58 PM:INFO:Starting_Test_login_new_user_profile
11/15/2025 08:19:04 PM:INFO:Test_003_Login_New_User_Profile
11/15/2025 08:19:04 PM:INFO:Starting_Test_login_new_user_profile
11/15/2025 08:20:43 PM:INFO:Test_003_Login_New_User_Profile
11/15/2025 08:20:43 PM:INFO:Starting_Test_login_new_user_profile
11/15/2025 08:23:13 PM:INFO:Test_003_Login_New_User_Profile
11/15/2025 08:23:13 PM:INFO:Starting_Test_login_new_user_profile
11/15/2025 08:23:53 PM:INFO:Test_003_Login_New_User_Profile
11/15/2025 08:23:53 PM:INFO:Starting_Test_login_new_user_profile
11/15/2025 08:25:11 PM:INFO:Test_003_Login_New_User_Profile
11/15/2025 08:25:11 PM:INFO:Starting_Test_login_new_user_profile
11/15/2025 08:26:25 PM:INFO:Test_003_Login_New_User_Profile
11/15/2025 08:26:25 PM:INFO:Starting_Test_login_new_user_profile
